

================================================================
== Vivado HLS Report for 'digitRecognizer'
================================================================
* Date:           Mon Dec 17 16:44:38 2018

* Version:        2017.2 (Build 1909853 on Thu Jun 15 18:55:24 MDT 2017)
* Project:        layer_hls
* Solution:       solution1
* Product family: zynq
* Target device:  xc7z010clg400-1


================================================================
== Performance Estimates
================================================================
+ Timing (ns): 
    * Summary: 
    +--------+-------+----------+------------+
    |  Clock | Target| Estimated| Uncertainty|
    +--------+-------+----------+------------+
    |ap_clk  |   8.00|      6.79|        1.00|
    +--------+-------+----------+------------+

+ Latency (clock cycles): 
    * Summary: 
    +--------+--------+--------+--------+---------+
    |     Latency     |     Interval    | Pipeline|
    |   min  |   max  |   min  |   max  |   Type  |
    +--------+--------+--------+--------+---------+
    |  330464|  330464|  330465|  330465|   none  |
    +--------+--------+--------+--------+---------+

    + Detail: 
        * Instance: 
        N/A

        * Loop: 
        +------------+--------+--------+----------+-----------+-----------+------+----------+
        |            |     Latency     | Iteration|  Initiation Interval  | Trip |          |
        |  Loop Name |   min  |   max  |  Latency |  achieved |   target  | Count| Pipelined|
        +------------+--------+--------+----------+-----------+-----------+------+----------+
        |- ih_loop   |  326272|  326272|     10196|          -|          -|    32|    no    |
        | + hn_loop  |   10192|   10192|        13|          -|          -|   784|    no    |
        |- ho_loop   |    4190|    4190|       419|          -|          -|    10|    no    |
        | + on_loop  |     416|     416|        13|          -|          -|    32|    no    |
        +------------+--------+--------+----------+-----------+-----------+------+----------+



================================================================
== Utilization Estimates
================================================================
* Summary: 
+-----------------+---------+-------+-------+-------+
|       Name      | BRAM_18K| DSP48E|   FF  |  LUT  |
+-----------------+---------+-------+-------+-------+
|DSP              |        -|      -|      -|      -|
|Expression       |        -|      -|    326|    209|
|FIFO             |        -|      -|      -|      -|
|Instance         |        -|      5|    515|    978|
|Memory           |       66|      -|      0|      0|
|Multiplexer      |        -|      -|      -|    302|
|Register         |        -|      -|    361|      -|
+-----------------+---------+-------+-------+-------+
|Total            |       66|      5|   1202|   1489|
+-----------------+---------+-------+-------+-------+
|Available        |      120|     80|  35200|  17600|
+-----------------+---------+-------+-------+-------+
|Utilization (%)  |       55|      6|      3|      8|
+-----------------+---------+-------+-------+-------+

+ Detail: 
    * Instance: 
    +-------------------------+----------------------+---------+-------+-----+-----+
    |         Instance        |        Module        | BRAM_18K| DSP48E|  FF | LUT |
    +-------------------------+----------------------+---------+-------+-----+-----+
    |digitRecognizer_feOg_U0  |digitRecognizer_feOg  |        0|      2|  306|  418|
    |digitRecognizer_ffYi_U1  |digitRecognizer_ffYi  |        0|      3|  143|  321|
    |digitRecognizer_fg8j_U2  |digitRecognizer_fg8j  |        0|      0|   66|  239|
    +-------------------------+----------------------+---------+-------+-----+-----+
    |Total                    |                      |        0|      5|  515|  978|
    +-------------------------+----------------------+---------+-------+-----+-----+

    * DSP48: 
    N/A

    * Memory: 
    +------------------------+----------------------+---------+---+----+-------+-----+------+-------------+
    |         Memory         |        Module        | BRAM_18K| FF| LUT| Words | Bits| Banks| W*Bits*Banks|
    +------------------------+----------------------+---------+---+----+-------+-----+------+-------------+
    |hiddenToOutputWeight_U  |digitRecognizer_hcud  |        1|  0|   0|    330|   32|     1|        10560|
    |hiddenOut_U             |digitRecognizer_hdEe  |        1|  0|   0|     32|   32|     1|         1024|
    |inputToHiddenWeights_U  |digitRecognizer_ibkb  |       64|  0|   0|  25120|   32|     1|       803840|
    +------------------------+----------------------+---------+---+----+-------+-----+------+-------------+
    |Total                   |                      |       66|  0|   0|  25482|   96|     3|       815424|
    +------------------------+----------------------+---------+---+----+-------+-----+------+-------------+

    * FIFO: 
    N/A

    * Expression: 
    +---------------------+----------+-------+----+----+------------+------------+
    |    Variable Name    | Operation| DSP48E| FF | LUT| Bitwidth P0| Bitwidth P1|
    +---------------------+----------+-------+----+----+------------+------------+
    |i_2_fu_333_p2        |     +    |      0|  35|  15|          10|           1|
    |i_3_fu_461_p2        |     +    |      0|  23|  11|           6|           1|
    |next_mul_fu_279_p2   |     +    |      0|  50|  20|          15|          10|
    |o_2_fu_291_p2        |     +    |      0|  23|  11|           6|           1|
    |o_3_fu_393_p2        |     +    |      0|  17|   9|           4|           1|
    |sum2_fu_322_p2       |     +    |      0|  35|  15|          10|           2|
    |tmp_14_fu_311_p2     |     +    |      0|  50|  20|          15|          15|
    |tmp_15_fu_440_p2     |     +    |      0|  35|  15|          10|          10|
    |tmp_4_fu_450_p2      |     +    |      0|  23|  11|           6|           2|
    |tmp_5_fu_415_p2      |     +    |      0|  35|  15|          10|          10|
    |tmp_13_fu_373_p2     |    and   |      0|   0|   2|           1|           1|
    |exitcond1_fu_387_p2  |   icmp   |      0|   0|   2|           4|           4|
    |exitcond2_fu_301_p2  |   icmp   |      0|   0|   5|          10|           9|
    |exitcond3_fu_285_p2  |   icmp   |      0|   0|   4|           6|           7|
    |exitcond_fu_430_p2   |   icmp   |      0|   0|   3|           6|           6|
    |notlhs_fu_357_p2     |   icmp   |      0|   0|   4|           8|           2|
    |notrhs_fu_363_p2     |   icmp   |      0|   0|  13|          23|           1|
    |tmp_11_fu_369_p2     |    or    |      0|   0|   2|           1|           1|
    |hiddenOut_d0         |  select  |      0|   0|  32|           1|           1|
    +---------------------+----------+-------+----+----+------------+------------+
    |Total                |          |      0| 326| 209|         152|          85|
    +---------------------+----------+-------+----+----+------------+------------+

    * Multiplexer: 
    +-------------------------------+-----+-----------+-----+-----------+
    |              Name             | LUT | Input Size| Bits| Total Bits|
    +-------------------------------+-----+-----------+-----+-----------+
    |ap_NS_fsm                      |  149|         33|    1|         33|
    |grp_fu_247_p0                  |   15|          3|   32|         96|
    |grp_fu_253_p0                  |   15|          3|   32|         96|
    |grp_fu_253_p1                  |   15|          3|   32|         96|
    |hiddenOut_address0             |   15|          3|    5|         15|
    |hiddenToOutputWeight_address0  |   15|          3|    9|         27|
    |i_1_reg_225                    |    9|          2|    6|         12|
    |i_reg_192                      |    9|          2|   10|         20|
    |inputToHiddenWeights_address0  |   15|          3|   15|         45|
    |o_1_reg_213                    |    9|          2|    4|          8|
    |o_reg_168                      |    9|          2|    6|         12|
    |phi_mul_reg_180                |    9|          2|   15|         30|
    |sum1_reg_203                   |    9|          2|   32|         64|
    |sum3_reg_236                   |    9|          2|   32|         64|
    +-------------------------------+-----+-----------+-----+-----------+
    |Total                          |  302|         65|  231|        618|
    +-------------------------------+-----+-----------+-----+-----------+

    * Register: 
    +--------------------------------+----+----+-----+-----------+
    |              Name              | FF | LUT| Bits| Const Bits|
    +--------------------------------+----+----+-----+-----------+
    |ap_CS_fsm                       |  32|   0|   32|          0|
    |hiddenOut_load_reg_589          |  32|   0|   32|          0|
    |hiddenToOutputWeight_2_reg_584  |  32|   0|   32|          0|
    |i_1_reg_225                     |   6|   0|    6|          0|
    |i_2_reg_508                     |  10|   0|   10|          0|
    |i_3_reg_579                     |   6|   0|    6|          0|
    |i_reg_192                       |  10|   0|   10|          0|
    |inputData_load_reg_533          |  32|   0|   32|          0|
    |inputToHiddenWeights_2_reg_528  |  32|   0|   32|          0|
    |next_mul_reg_467                |  15|   0|   15|          0|
    |notlhs_reg_513                  |   1|   0|    1|          0|
    |notrhs_reg_518                  |   1|   0|    1|          0|
    |o_1_reg_213                     |   4|   0|    4|          0|
    |o_2_reg_475                     |   6|   0|    6|          0|
    |o_3_reg_541                     |   4|   0|    4|          0|
    |o_reg_168                       |   6|   0|    6|          0|
    |phi_mul_reg_180                 |  15|   0|   15|          0|
    |reg_263                         |  32|   0|   32|          0|
    |sum1_reg_203                    |  32|   0|   32|          0|
    |sum3_reg_236                    |  32|   0|   32|          0|
    |tmp_12_reg_523                  |   1|   0|    1|          0|
    |tmp_1_reg_556                   |   4|   0|   32|         28|
    |tmp_5_reg_546                   |  10|   0|   10|          0|
    |tmp_reg_485                     |   6|   0|   32|         26|
    +--------------------------------+----+----+-----+-----------+
    |Total                           | 361|   0|  415|         54|
    +--------------------------------+----+----+-----+-----------+



================================================================
== Interface
================================================================
* Summary: 
+--------------------+-----+-----+------------+-----------------+--------------+
|      RTL Ports     | Dir | Bits|  Protocol  |  Source Object  |    C Type    |
+--------------------+-----+-----+------------+-----------------+--------------+
|ap_clk              |  in |    1| ap_ctrl_hs | digitRecognizer | return value |
|ap_rst              |  in |    1| ap_ctrl_hs | digitRecognizer | return value |
|ap_start            |  in |    1| ap_ctrl_hs | digitRecognizer | return value |
|ap_done             | out |    1| ap_ctrl_hs | digitRecognizer | return value |
|ap_idle             | out |    1| ap_ctrl_hs | digitRecognizer | return value |
|ap_ready            | out |    1| ap_ctrl_hs | digitRecognizer | return value |
|inputData_address0  | out |   10|  ap_memory |    inputData    |     array    |
|inputData_ce0       | out |    1|  ap_memory |    inputData    |     array    |
|inputData_q0        |  in |   32|  ap_memory |    inputData    |     array    |
|output_r_address0   | out |    4|  ap_memory |     output_r    |     array    |
|output_r_ce0        | out |    1|  ap_memory |     output_r    |     array    |
|output_r_we0        | out |    1|  ap_memory |     output_r    |     array    |
|output_r_d0         | out |   32|  ap_memory |     output_r    |     array    |
+--------------------+-----+-----+------------+-----------------+--------------+

