

================================================================
== Vivado HLS Report for 'digitRecognizer'
================================================================
* Date:           Mon Dec 17 09:35:34 2018

* Version:        2017.2 (Build 1909853 on Thu Jun 15 18:55:24 MDT 2017)
* Project:        layer_hls
* Solution:       solution1
* Product family: zynq
* Target device:  xc7z010clg400-1


================================================================
== Performance Estimates
================================================================
+ Timing (ns): 
    * Summary: 
    +--------+-------+----------+------------+
    |  Clock | Target| Estimated| Uncertainty|
    +--------+-------+----------+------------+
    |ap_clk  |   8.00|      6.79|        1.00|
    +--------+-------+----------+------------+

+ Latency (clock cycles): 
    * Summary: 
    +--------+--------+--------+--------+---------+
    |     Latency     |     Interval    | Pipeline|
    |   min  |   max  |   min  |   max  |   Type  |
    +--------+--------+--------+--------+---------+
    |  331646|  331646|  331647|  331647|   none  |
    +--------+--------+--------+--------+---------+

    + Detail: 
        * Instance: 
        N/A

        * Loop: 
        +------------+--------+--------+----------+-----------+-----------+------+----------+
        |            |     Latency     | Iteration|  Initiation Interval  | Trip |          |
        |  Loop Name |   min  |   max  |  Latency |  achieved |   target  | Count| Pipelined|
        +------------+--------+--------+----------+-----------+-----------+------+----------+
        |- ih_loop   |  326272|  326272|     10196|          -|          -|    32|    no    |
        | + hn_loop  |   10192|   10192|        13|          -|          -|   784|    no    |
        |- ho_loop   |    4190|    4190|       419|          -|          -|    10|    no    |
        | + on_loop  |     416|     416|        13|          -|          -|    32|    no    |
        |- smt_loop  |     330|     330|        33|          -|          -|    10|    no    |
        |- smo_loop  |     850|     850|        85|          -|          -|    10|    no    |
        +------------+--------+--------+----------+-----------+-----------+------+----------+



================================================================
== Utilization Estimates
================================================================
* Summary: 
+-----------------+---------+-------+-------+-------+
|       Name      | BRAM_18K| DSP48E|   FF  |  LUT  |
+-----------------+---------+-------+-------+-------+
|DSP              |        -|      -|      -|      -|
|Expression       |        -|      -|    360|    231|
|FIFO             |        -|      -|      -|      -|
|Instance         |        -|     34|   8974|   8965|
|Memory           |       66|      -|     64|      5|
|Multiplexer      |        -|      -|      -|   1089|
|Register         |        -|      -|    915|      -|
+-----------------+---------+-------+-------+-------+
|Total            |       66|     34|  10313|  10290|
+-----------------+---------+-------+-------+-------+
|Available        |      120|     80|  35200|  17600|
+-----------------+---------+-------+-------+-------+
|Utilization (%)  |       55|     42|     29|     58|
+-----------------+---------+-------+-------+-------+

+ Detail: 
    * Instance: 
    +-------------------------+----------------------+---------+-------+------+------+
    |         Instance        |        Module        | BRAM_18K| DSP48E|  FF  |  LUT |
    +-------------------------+----------------------+---------+-------+------+------+
    |digitRecognizer_dkbM_U5  |digitRecognizer_dkbM  |        0|      3|   687|  1071|
    |digitRecognizer_dlbW_U6  |digitRecognizer_dlbW  |        0|      0|  6160|  3871|
    |digitRecognizer_dmb6_U7  |digitRecognizer_dmb6  |        0|     26|  1384|  2630|
    |digitRecognizer_ffYi_U0  |digitRecognizer_ffYi  |        0|      2|   306|   418|
    |digitRecognizer_fg8j_U1  |digitRecognizer_fg8j  |        0|      3|   143|   321|
    |digitRecognizer_fhbi_U2  |digitRecognizer_fhbi  |        0|      0|   128|   277|
    |digitRecognizer_fibs_U3  |digitRecognizer_fibs  |        0|      0|   100|   138|
    |digitRecognizer_fjbC_U4  |digitRecognizer_fjbC  |        0|      0|    66|   239|
    +-------------------------+----------------------+---------+-------+------+------+
    |Total                    |                      |        0|     34|  8974|  8965|
    +-------------------------+----------------------+---------+-------+------+------+

    * DSP48: 
    N/A

    * Memory: 
    +------------------------+----------------------+---------+----+----+-------+-----+------+-------------+
    |         Memory         |        Module        | BRAM_18K| FF | LUT| Words | Bits| Banks| W*Bits*Banks|
    +------------------------+----------------------+---------+----+----+-------+-----+------+-------------+
    |hiddenToOutputWeight_U  |digitRecognizer_hcud  |        1|   0|   0|    330|   32|     1|        10560|
    |hiddenOut_U             |digitRecognizer_hdEe  |        1|   0|   0|     32|   32|     1|         1024|
    |inputToHiddenWeights_U  |digitRecognizer_ibkb  |       64|   0|   0|  25120|   32|     1|       803840|
    |tmpOut_U                |digitRecognizer_teOg  |        0|  64|   5|     10|   32|     1|          320|
    +------------------------+----------------------+---------+----+----+-------+-----+------+-------------+
    |Total                   |                      |       66|  64|   5|  25492|  128|     4|       815744|
    +------------------------+----------------------+---------+----+----+-------+-----+------+-------------+

    * FIFO: 
    N/A

    * Expression: 
    +---------------------+----------+-------+----+----+------------+------------+
    |    Variable Name    | Operation| DSP48E| FF | LUT| Bitwidth P0| Bitwidth P1|
    +---------------------+----------+-------+----+----+------------+------------+
    |i_2_fu_447_p2        |     +    |      0|  35|  15|          10|           1|
    |i_3_fu_575_p2        |     +    |      0|  23|  11|           6|           1|
    |next_mul_fu_393_p2   |     +    |      0|  50|  20|          15|          10|
    |o_4_fu_405_p2        |     +    |      0|  23|  11|           6|           1|
    |o_5_fu_587_p2        |     +    |      0|  17|   9|           4|           1|
    |o_6_fu_507_p2        |     +    |      0|  17|   9|           4|           1|
    |o_7_fu_604_p2        |     +    |      0|  17|   9|           4|           1|
    |sum2_fu_436_p2       |     +    |      0|  35|  15|          10|           2|
    |tmp_13_fu_529_p2     |     +    |      0|  35|  15|          10|          10|
    |tmp_14_fu_564_p2     |     +    |      0|  23|  11|           6|           2|
    |tmp_27_fu_425_p2     |     +    |      0|  50|  20|          15|          15|
    |tmp_28_fu_554_p2     |     +    |      0|  35|  15|          10|          10|
    |tmp_26_fu_487_p2     |    and   |      0|   0|   2|           1|           1|
    |exitcond1_fu_501_p2  |   icmp   |      0|   0|   2|           4|           4|
    |exitcond2_fu_415_p2  |   icmp   |      0|   0|   5|          10|           9|
    |exitcond3_fu_399_p2  |   icmp   |      0|   0|   4|           6|           7|
    |exitcond_fu_544_p2   |   icmp   |      0|   0|   3|           6|           6|
    |notlhs_fu_471_p2     |   icmp   |      0|   0|   4|           8|           2|
    |notrhs_fu_477_p2     |   icmp   |      0|   0|  13|          23|           1|
    |tmp_16_fu_598_p2     |   icmp   |      0|   0|   2|           4|           4|
    |tmp_s_fu_581_p2      |   icmp   |      0|   0|   2|           4|           4|
    |tmp_24_fu_483_p2     |    or    |      0|   0|   2|           1|           1|
    |hiddenOut_d0         |  select  |      0|   0|  32|           1|           1|
    +---------------------+----------+-------+----+----+------------+------------+
    |Total                |          |      0| 360| 231|         168|          95|
    +---------------------+----------+-------+----+----+------------+------------+

    * Multiplexer: 
    +-------------------------------+-----+-----------+-----+-----------+
    |              Name             | LUT | Input Size| Bits| Total Bits|
    +-------------------------------+-----+-----------+-----+-----------+
    |ap_NS_fsm                      |  837|        151|    1|        151|
    |grp_fu_316_p0                  |   15|          3|   32|         96|
    |grp_fu_322_p0                  |   15|          3|   32|         96|
    |grp_fu_322_p1                  |   15|          3|   32|         96|
    |grp_fu_326_p0                  |   15|          3|   64|        192|
    |grp_fu_329_p0                  |   21|          4|   32|        128|
    |grp_fu_348_p1                  |   15|          3|   64|        192|
    |hiddenOut_address0             |   15|          3|    5|         15|
    |hiddenToOutputWeight_address0  |   15|          3|    9|         27|
    |i_1_reg_260                    |    9|          2|    6|         12|
    |i_reg_227                      |    9|          2|   10|         20|
    |inputToHiddenWeights_address0  |   15|          3|   15|         45|
    |oSum_reg_282                   |    9|          2|   32|         64|
    |o_1_reg_248                    |    9|          2|    4|          8|
    |o_2_reg_294                    |    9|          2|    4|          8|
    |o_3_reg_305                    |    9|          2|    4|          8|
    |o_reg_203                      |    9|          2|    6|         12|
    |phi_mul_reg_215                |    9|          2|   15|         30|
    |sum1_reg_238                   |    9|          2|   32|         64|
    |sum3_reg_271                   |    9|          2|   32|         64|
    |tmpOut_address0                |   21|          4|    4|         16|
    +-------------------------------+-----+-----------+-----+-----------+
    |Total                          | 1089|        203|  435|       1344|
    +-------------------------------+-----+-----------+-----+-----------+

    * Register: 
    +--------------------------------+-----+----+-----+-----------+
    |              Name              |  FF | LUT| Bits| Const Bits|
    +--------------------------------+-----+----+-----+-----------+
    |ap_CS_fsm                       |  150|   0|  150|          0|
    |hiddenOut_load_reg_737          |   32|   0|   32|          0|
    |hiddenToOutputWeight_2_reg_732  |   32|   0|   32|          0|
    |i_1_reg_260                     |    6|   0|    6|          0|
    |i_2_reg_656                     |   10|   0|   10|          0|
    |i_3_reg_727                     |    6|   0|    6|          0|
    |i_reg_227                       |   10|   0|   10|          0|
    |inputData_load_reg_681          |   32|   0|   32|          0|
    |inputToHiddenWeights_2_reg_676  |   32|   0|   32|          0|
    |next_mul_reg_615                |   15|   0|   15|          0|
    |notlhs_reg_661                  |    1|   0|    1|          0|
    |notrhs_reg_666                  |    1|   0|    1|          0|
    |oSum_reg_282                    |   32|   0|   32|          0|
    |o_1_reg_248                     |    4|   0|    4|          0|
    |o_2_reg_294                     |    4|   0|    4|          0|
    |o_3_reg_305                     |    4|   0|    4|          0|
    |o_4_reg_623                     |    6|   0|    6|          0|
    |o_5_reg_745                     |    4|   0|    4|          0|
    |o_6_reg_689                     |    4|   0|    4|          0|
    |o_7_reg_763                     |    4|   0|    4|          0|
    |o_reg_203                       |    6|   0|    6|          0|
    |phi_mul_reg_215                 |   15|   0|   15|          0|
    |reg_353                         |   32|   0|   32|          0|
    |reg_364                         |   64|   0|   64|          0|
    |reg_371                         |   32|   0|   32|          0|
    |reg_376                         |   64|   0|   64|          0|
    |reg_382                         |   32|   0|   32|          0|
    |sum1_reg_238                    |   32|   0|   32|          0|
    |sum3_reg_271                    |   32|   0|   32|          0|
    |tmp_12_reg_755                  |   64|   0|   64|          0|
    |tmp_13_reg_694                  |   10|   0|   10|          0|
    |tmp_17_reg_768                  |    4|   0|   32|         28|
    |tmp_18_reg_778                  |   64|   0|   64|          0|
    |tmp_1_reg_704                   |    4|   0|   32|         28|
    |tmp_20_reg_783                  |   64|   0|   64|          0|
    |tmp_25_reg_671                  |    1|   0|    1|          0|
    |tmp_reg_633                     |    6|   0|   32|         26|
    +--------------------------------+-----+----+-----+-----------+
    |Total                           |  915|   0|  997|         82|
    +--------------------------------+-----+----+-----+-----------+



================================================================
== Interface
================================================================
* Summary: 
+--------------------+-----+-----+------------+-----------------+--------------+
|      RTL Ports     | Dir | Bits|  Protocol  |  Source Object  |    C Type    |
+--------------------+-----+-----+------------+-----------------+--------------+
|ap_clk              |  in |    1| ap_ctrl_hs | digitRecognizer | return value |
|ap_rst              |  in |    1| ap_ctrl_hs | digitRecognizer | return value |
|ap_start            |  in |    1| ap_ctrl_hs | digitRecognizer | return value |
|ap_done             | out |    1| ap_ctrl_hs | digitRecognizer | return value |
|ap_idle             | out |    1| ap_ctrl_hs | digitRecognizer | return value |
|ap_ready            | out |    1| ap_ctrl_hs | digitRecognizer | return value |
|inputData_address0  | out |   10|  ap_memory |    inputData    |     array    |
|inputData_ce0       | out |    1|  ap_memory |    inputData    |     array    |
|inputData_q0        |  in |   32|  ap_memory |    inputData    |     array    |
|output_r_address0   | out |    4|  ap_memory |     output_r    |     array    |
|output_r_ce0        | out |    1|  ap_memory |     output_r    |     array    |
|output_r_we0        | out |    1|  ap_memory |     output_r    |     array    |
|output_r_d0         | out |   32|  ap_memory |     output_r    |     array    |
+--------------------+-----+-----+------------+-----------------+--------------+

