#-----------------------------------------------------------
# Vivado v2017.2 (64-bit)
# SW Build 1909853 on Thu Jun 15 18:39:09 MDT 2017
# IP Build 1909766 on Thu Jun 15 19:58:00 MDT 2017
# Start of session at: Thu Dec  6 09:17:11 2018
# Process ID: 16720
# Current directory: C:/Users/Lukas/Desktop/embedded-rts/project/synthesize_neuron/neuron_proj
# Command line: vivado.exe -gui_launcher_event rodinguilauncherevent21308 C:\Users\Lukas\Desktop\embedded-rts\project\synthesize_neuron\neuron_proj\neuron_proj.xpr
# Log file: C:/Users/Lukas/Desktop/embedded-rts/project/synthesize_neuron/neuron_proj/vivado.log
# Journal file: C:/Users/Lukas/Desktop/embedded-rts/project/synthesize_neuron/neuron_proj\vivado.jou
#-----------------------------------------------------------
start_gui
open_project C:/Users/Lukas/Desktop/embedded-rts/project/synthesize_neuron/neuron_proj/neuron_proj.xpr
update_compile_order -fileset sources_1
open_bd_design {C:/Users/Lukas/Desktop/embedded-rts/project/synthesize_neuron/neuron_proj/neuron_proj.srcs/sources_1/bd/design_1/design_1.bd}
launch_sdk -workspace C:/Users/Lukas/Desktop/embedded-rts/project/synthesize_neuron/neuron_proj/neuron_proj.sdk -hwspec C:/Users/Lukas/Desktop/embedded-rts/project/synthesize_neuron/neuron_proj/neuron_proj.sdk/design_1_wrapper.hdf
